Failure to transfer io.github.lukehutch:fast-classpath-scanner:jar:2.18.1 from http://localhost:8081/repository/maven-public/ was cached in the local repository, resolution will not be reattempted until the update interval of central has elapsed or updates are forced. Original error: Could not transfer artifact io.github.lukehutch:fast-classpath-scanner:jar:2.18.1 from/to central (http://localhost:8081/repository/maven-public/): The operation was cancelled.
Failure to transfer it.unimi.dsi:fastutil:jar:8.1.1 from http://localhost:8081/repository/maven-public/ was cached in the local repository, resolution will not be reattempted until the update interval of central has elapsed or updates are forced. Original error: Could not transfer artifact it.unimi.dsi:fastutil:jar:8.1.1 from/to central (http://localhost:8081/repository/maven-public/): The operation was cancelled.
Failure to transfer javax.resource:javax.resource-api:jar:1.7 from http://localhost:8081/repository/maven-public/ was cached in the local repository, resolution will not be reattempted until the update interval of central has elapsed or updates are forced. Original error: Could not transfer artifact javax.resource:javax.resource-api:jar:1.7 from/to central (http://localhost:8081/repository/maven-public/): The operation was cancelled.
Failure to transfer javax.transaction:javax.transaction-api:jar:1.2 from http://localhost:8081/repository/maven-public/ was cached in the local repository, resolution will not be reattempted until the update interval of central has elapsed or updates are forced. Original error: Could not transfer artifact javax.transaction:javax.transaction-api:jar:1.2 from/to central (http://localhost:8081/repository/maven-public/): The operation was cancelled.
Failure to transfer net.java.dev.jna:jna:jar:4.5.1 from http://localhost:8081/repository/maven-public/ was cached in the local repository, resolution will not be reattempted until the update interval of central has elapsed or updates are forced. Original error: Could not transfer artifact net.java.dev.jna:jna:jar:4.5.1 from/to central (http://localhost:8081/repository/maven-public/): The operation was cancelled.
Failure to transfer net.sf.jopt-simple:jopt-simple:jar:5.0.4 from http://localhost:8081/repository/maven-public/ was cached in the local repository, resolution will not be reattempted until the update interval of central has elapsed or updates are forced. Original error: Could not transfer artifact net.sf.jopt-simple:jopt-simple:jar:5.0.4 from/to central (http://localhost:8081/repository/maven-public/): The operation was cancelled.
Failure to transfer org.apache.logging.log4j:log4j-core:jar:2.10.0 from http://localhost:8081/repository/maven-public/ was cached in the local repository, resolution will not be reattempted until the update interval of central has elapsed or updates are forced. Original error: Could not transfer artifact org.apache.logging.log4j:log4j-core:jar:2.10.0 from/to central (http://localhost:8081/repository/maven-public/): The operation was cancelled.
Failure to transfer org.apache.shiro:shiro-cache:jar:1.4.0 from http://localhost:8081/repository/maven-public/ was cached in the local repository, resolution will not be reattempted until the update interval of central has elapsed or updates are forced. Original error: Could not transfer artifact org.apache.shiro:shiro-cache:jar:1.4.0 from/to central (http://localhost:8081/repository/maven-public/): The operation was cancelled.
Failure to transfer org.apache.shiro:shiro-config-core:jar:1.4.0 from http://localhost:8081/repository/maven-public/ was cached in the local repository, resolution will not be reattempted until the update interval of central has elapsed or updates are forced. Original error: Could not transfer artifact org.apache.shiro:shiro-config-core:jar:1.4.0 from/to central (http://localhost:8081/repository/maven-public/): The operation was cancelled.
Failure to transfer org.apache.shiro:shiro-config-ogdl:jar:1.4.0 from http://localhost:8081/repository/maven-public/ was cached in the local repository, resolution will not be reattempted until the update interval of central has elapsed or updates are forced. Original error: Could not transfer artifact org.apache.shiro:shiro-config-ogdl:jar:1.4.0 from/to central (http://localhost:8081/repository/maven-public/): The operation was cancelled.

org.eclipse.aether.transfer.ArtifactTransferException: Failure to transfer org.apache.shiro:shiro-config-ogdl:jar:1.4.0 from http://localhost:8081/repository/maven-public/ was cached in the local repository, resolution will not be reattempted until the update interval of central has elapsed or updates are forced. Original error: Could not transfer artifact org.apache.shiro:shiro-config-ogdl:jar:1.4.0 from/to central (http://localhost:8081/repository/maven-public/): The operation was cancelled.
	at org.eclipse.aether.internal.impl.DefaultUpdateCheckManager.newException(DefaultUpdateCheckManager.java:238)
	at org.eclipse.aether.internal.impl.DefaultUpdateCheckManager.checkArtifact(DefaultUpdateCheckManager.java:206)
	at org.eclipse.aether.internal.impl.DefaultArtifactResolver.gatherDownloads(DefaultArtifactResolver.java:585)
	at org.eclipse.aether.internal.impl.DefaultArtifactResolver.performDownloads(DefaultArtifactResolver.java:503)
	at org.eclipse.aether.internal.impl.DefaultArtifactResolver.resolve(DefaultArtifactResolver.java:421)
	at org.eclipse.aether.internal.impl.DefaultArtifactResolver.resolveArtifacts(DefaultArtifactResolver.java:246)
	at org.eclipse.aether.internal.impl.DefaultRepositorySystem.resolveDependencies(DefaultRepositorySystem.java:367)
	at org.apache.maven.project.DefaultProjectDependenciesResolver.resolve(DefaultProjectDependenciesResolver.java:205)
	at org.apache.maven.project.DefaultProjectBuilder.resolveDependencies(DefaultProjectBuilder.java:215)
	at org.apache.maven.project.DefaultProjectBuilder.build(DefaultProjectBuilder.java:188)
	at org.apache.maven.project.DefaultProjectBuilder.build(DefaultProjectBuilder.java:119)
	at org.eclipse.m2e.core.internal.embedder.MavenImpl.readMavenProject(MavenImpl.java:636)
	at org.eclipse.m2e.core.internal.project.registry.DefaultMavenDependencyResolver.resolveProjectDependencies(DefaultMavenDependencyResolver.java:63)
	at org.eclipse.m2e.core.internal.project.registry.ProjectRegistryManager.refreshPhase2(ProjectRegistryManager.java:529)
	at org.eclipse.m2e.core.internal.project.registry.ProjectRegistryManager$3.call(ProjectRegistryManager.java:491)
	at org.eclipse.m2e.core.internal.project.registry.ProjectRegistryManager$3.call(ProjectRegistryManager.java:1)
	at org.eclipse.m2e.core.internal.embedder.MavenExecutionContext.executeBare(MavenExecutionContext.java:176)
	at org.eclipse.m2e.core.internal.embedder.MavenExecutionContext.execute(MavenExecutionContext.java:151)
	at org.eclipse.m2e.core.internal.project.registry.ProjectRegistryManager.refresh(ProjectRegistryManager.java:495)
	at org.eclipse.m2e.core.internal.project.registry.ProjectRegistryManager.refresh(ProjectRegistryManager.java:350)
	at org.eclipse.m2e.core.internal.project.registry.ProjectRegistryManager.refresh(ProjectRegistryManager.java:297)
	at org.eclipse.m2e.core.internal.builder.MavenBuilder$BuildMethod.getProjectFacade(MavenBuilder.java:154)
	at org.eclipse.m2e.core.internal.builder.MavenBuilder$BuildMethod$1.call(MavenBuilder.java:89)
	at org.eclipse.m2e.core.internal.embedder.MavenExecutionContext.executeBare(MavenExecutionContext.java:176)
	at org.eclipse.m2e.core.internal.embedder.MavenExecutionContext.execute(MavenExecutionContext.java:151)
	at org.eclipse.m2e.core.internal.embedder.MavenExecutionContext.execute(MavenExecutionContext.java:99)
	at org.eclipse.m2e.core.internal.builder.MavenBuilder$BuildMethod.execute(MavenBuilder.java:86)
	at org.eclipse.m2e.core.internal.builder.MavenBuilder.build(MavenBuilder.java:200)
	at org.eclipse.core.internal.events.BuildManager$2.run(BuildManager.java:734)
	at org.eclipse.core.runtime.SafeRunner.run(SafeRunner.java:42)
	at org.eclipse.core.internal.events.BuildManager.basicBuild(BuildManager.java:205)
	at org.eclipse.core.internal.events.BuildManager.basicBuild(BuildManager.java:245)
	at org.eclipse.core.internal.events.BuildManager$1.run(BuildManager.java:300)
	at org.eclipse.core.runtime.SafeRunner.run(SafeRunner.java:42)
	at org.eclipse.core.internal.events.BuildManager.basicBuild(BuildManager.java:303)
	at org.eclipse.core.internal.events.BuildManager.basicBuildLoop(BuildManager.java:359)
	at org.eclipse.core.internal.events.BuildManager.build(BuildManager.java:382)
	at org.eclipse.core.internal.events.AutoBuildJob.doBuild(AutoBuildJob.java:144)
	at org.eclipse.core.internal.events.AutoBuildJob.run(AutoBuildJob.java:235)
	at org.eclipse.core.internal.jobs.Worker.run(Worker.java:55)
	pom.xml	/spring-cloud-0.0.1-SNAPSHOT	line 2	Maven Dependency Problem
Failure to transfer org.apache.shiro:shiro-core:jar:1.4.0 from http://localhost:8081/repository/maven-public/ was cached in the local repository, resolution will not be reattempted until the update interval of central has elapsed or updates are forced. Original error: Could not transfer artifact org.apache.shiro:shiro-core:jar:1.4.0 from/to central (http://localhost:8081/repository/maven-public/): The operation was cancelled.

org.eclipse.aether.transfer.ArtifactTransferException: Failure to transfer org.apache.shiro:shiro-core:jar:1.4.0 from http://localhost:8081/repository/maven-public/ was cached in the local repository, resolution will not be reattempted until the update interval of central has elapsed or updates are forced. Original error: Could not transfer artifact org.apache.shiro:shiro-core:jar:1.4.0 from/to central (http://localhost:8081/repository/maven-public/): The operation was cancelled.
	at org.eclipse.aether.internal.impl.DefaultUpdateCheckManager.newException(DefaultUpdateCheckManager.java:238)
	at org.eclipse.aether.internal.impl.DefaultUpdateCheckManager.checkArtifact(DefaultUpdateCheckManager.java:206)
	at org.eclipse.aether.internal.impl.DefaultArtifactResolver.gatherDownloads(DefaultArtifactResolver.java:585)
	at org.eclipse.aether.internal.impl.DefaultArtifactResolver.performDownloads(DefaultArtifactResolver.java:503)
	at org.eclipse.aether.internal.impl.DefaultArtifactResolver.resolve(DefaultArtifactResolver.java:421)
	at org.eclipse.aether.internal.impl.DefaultArtifactResolver.resolveArtifacts(DefaultArtifactResolver.java:246)
	at org.eclipse.aether.internal.impl.DefaultRepositorySystem.resolveDependencies(DefaultRepositorySystem.java:367)
	at org.apache.maven.project.DefaultProjectDependenciesResolver.resolve(DefaultProjectDependenciesResolver.java:205)
	at org.apache.maven.project.DefaultProjectBuilder.resolveDependencies(DefaultProjectBuilder.java:215)
	at org.apache.maven.project.DefaultProjectBuilder.build(DefaultProjectBuilder.java:188)
	at org.apache.maven.project.DefaultProjectBuilder.build(DefaultProjectBuilder.java:119)
	at org.eclipse.m2e.core.internal.embedder.MavenImpl.readMavenProject(MavenImpl.java:636)
	at org.eclipse.m2e.core.internal.project.registry.DefaultMavenDependencyResolver.resolveProjectDependencies(DefaultMavenDependencyResolver.java:63)
	at org.eclipse.m2e.core.internal.project.registry.ProjectRegistryManager.refreshPhase2(ProjectRegistryManager.java:529)
	at org.eclipse.m2e.core.internal.project.registry.ProjectRegistryManager$3.call(ProjectRegistryManager.java:491)
	at org.eclipse.m2e.core.internal.project.registry.ProjectRegistryManager$3.call(ProjectRegistryManager.java:1)
	at org.eclipse.m2e.core.internal.embedder.MavenExecutionContext.executeBare(MavenExecutionContext.java:176)
	at org.eclipse.m2e.core.internal.embedder.MavenExecutionContext.execute(MavenExecutionContext.java:151)
	at org.eclipse.m2e.core.internal.project.registry.ProjectRegistryManager.refresh(ProjectRegistryManager.java:495)
	at org.eclipse.m2e.core.internal.project.registry.ProjectRegistryManager.refresh(ProjectRegistryManager.java:350)
	at org.eclipse.m2e.core.internal.project.registry.ProjectRegistryManager.refresh(ProjectRegistryManager.java:297)
	at org.eclipse.m2e.core.internal.builder.MavenBuilder$BuildMethod.getProjectFacade(MavenBuilder.java:154)
	at org.eclipse.m2e.core.internal.builder.MavenBuilder$BuildMethod$1.call(MavenBuilder.java:89)
	at org.eclipse.m2e.core.internal.embedder.MavenExecutionContext.executeBare(MavenExecutionContext.java:176)
	at org.eclipse.m2e.core.internal.embedder.MavenExecutionContext.execute(MavenExecutionContext.java:151)
	at org.eclipse.m2e.core.internal.embedder.MavenExecutionContext.execute(MavenExecutionContext.java:99)
	at org.eclipse.m2e.core.internal.builder.MavenBuilder$BuildMethod.execute(MavenBuilder.java:86)
	at org.eclipse.m2e.core.internal.builder.MavenBuilder.build(MavenBuilder.java:200)
	at org.eclipse.core.internal.events.BuildManager$2.run(BuildManager.java:734)
	at org.eclipse.core.runtime.SafeRunner.run(SafeRunner.java:42)
	at org.eclipse.core.internal.events.BuildManager.basicBuild(BuildManager.java:205)
	at org.eclipse.core.internal.events.BuildManager.basicBuild(BuildManager.java:245)
	at org.eclipse.core.internal.events.BuildManager$1.run(BuildManager.java:300)
	at org.eclipse.core.runtime.SafeRunner.run(SafeRunner.java:42)
	at org.eclipse.core.internal.events.BuildManager.basicBuild(BuildManager.java:303)
	at org.eclipse.core.internal.events.BuildManager.basicBuildLoop(BuildManager.java:359)
	at org.eclipse.core.internal.events.BuildManager.build(BuildManager.java:382)
	at org.eclipse.core.internal.events.AutoBuildJob.doBuild(AutoBuildJob.java:144)
	at org.eclipse.core.internal.events.AutoBuildJob.run(AutoBuildJob.java:235)
	at org.eclipse.core.internal.jobs.Worker.run(Worker.java:55)
	pom.xml	/spring-cloud-0.0.1-SNAPSHOT	line 2	Maven Dependency Problem
Failure to transfer org.apache.shiro:shiro-crypto-cipher:jar:1.4.0 from http://localhost:8081/repository/maven-public/ was cached in the local repository, resolution will not be reattempted until the update interval of central has elapsed or updates are forced. Original error: Could not transfer artifact org.apache.shiro:shiro-crypto-cipher:jar:1.4.0 from/to central (http://localhost:8081/repository/maven-public/): The operation was cancelled.

org.eclipse.aether.transfer.ArtifactTransferException: Failure to transfer org.apache.shiro:shiro-crypto-cipher:jar:1.4.0 from http://localhost:8081/repository/maven-public/ was cached in the local repository, resolution will not be reattempted until the update interval of central has elapsed or updates are forced. Original error: Could not transfer artifact org.apache.shiro:shiro-crypto-cipher:jar:1.4.0 from/to central (http://localhost:8081/repository/maven-public/): The operation was cancelled.
	at org.eclipse.aether.internal.impl.DefaultUpdateCheckManager.newException(DefaultUpdateCheckManager.java:238)
	at org.eclipse.aether.internal.impl.DefaultUpdateCheckManager.checkArtifact(DefaultUpdateCheckManager.java:206)
	at org.eclipse.aether.internal.impl.DefaultArtifactResolver.gatherDownloads(DefaultArtifactResolver.java:585)
	at org.eclipse.aether.internal.impl.DefaultArtifactResolver.performDownloads(DefaultArtifactResolver.java:503)
	at org.eclipse.aether.internal.impl.DefaultArtifactResolver.resolve(DefaultArtifactResolver.java:421)
	at org.eclipse.aether.internal.impl.DefaultArtifactResolver.resolveArtifacts(DefaultArtifactResolver.java:246)
	at org.eclipse.aether.internal.impl.DefaultRepositorySystem.resolveDependencies(DefaultRepositorySystem.java:367)
	at org.apache.maven.project.DefaultProjectDependenciesResolver.resolve(DefaultProjectDependenciesResolver.java:205)
	at org.apache.maven.project.DefaultProjectBuilder.resolveDependencies(DefaultProjectBuilder.java:215)
	at org.apache.maven.project.DefaultProjectBuilder.build(DefaultProjectBuilder.java:188)
	at org.apache.maven.project.DefaultProjectBuilder.build(DefaultProjectBuilder.java:119)
	at org.eclipse.m2e.core.internal.embedder.MavenImpl.readMavenProject(MavenImpl.java:636)
	at org.eclipse.m2e.core.internal.project.registry.DefaultMavenDependencyResolver.resolveProjectDependencies(DefaultMavenDependencyResolver.java:63)
	at org.eclipse.m2e.core.internal.project.registry.ProjectRegistryManager.refreshPhase2(ProjectRegistryManager.java:529)
	at org.eclipse.m2e.core.internal.project.registry.ProjectRegistryManager$3.call(ProjectRegistryManager.java:491)
	at org.eclipse.m2e.core.internal.project.registry.ProjectRegistryManager$3.call(ProjectRegistryManager.java:1)
	at org.eclipse.m2e.core.internal.embedder.MavenExecutionContext.executeBare(MavenExecutionContext.java:176)
	at org.eclipse.m2e.core.internal.embedder.MavenExecutionContext.execute(MavenExecutionContext.java:151)
	at org.eclipse.m2e.core.internal.project.registry.ProjectRegistryManager.refresh(ProjectRegistryManager.java:495)
	at org.eclipse.m2e.core.internal.project.registry.ProjectRegistryManager.refresh(ProjectRegistryManager.java:350)
	at org.eclipse.m2e.core.internal.project.registry.ProjectRegistryManager.refresh(ProjectRegistryManager.java:297)
	at org.eclipse.m2e.core.internal.builder.MavenBuilder$BuildMethod.getProjectFacade(MavenBuilder.java:154)
	at org.eclipse.m2e.core.internal.builder.MavenBuilder$BuildMethod$1.call(MavenBuilder.java:89)
	at org.eclipse.m2e.core.internal.embedder.MavenExecutionContext.executeBare(MavenExecutionContext.java:176)
	at org.eclipse.m2e.core.internal.embedder.MavenExecutionContext.execute(MavenExecutionContext.java:151)
	at org.eclipse.m2e.core.internal.embedder.MavenExecutionContext.execute(MavenExecutionContext.java:99)
	at org.eclipse.m2e.core.internal.builder.MavenBuilder$BuildMethod.execute(MavenBuilder.java:86)
	at org.eclipse.m2e.core.internal.builder.MavenBuilder.build(MavenBuilder.java:200)
	at org.eclipse.core.internal.events.BuildManager$2.run(BuildManager.java:734)
	at org.eclipse.core.runtime.SafeRunner.run(SafeRunner.java:42)
	at org.eclipse.core.internal.events.BuildManager.basicBuild(BuildManager.java:205)
	at org.eclipse.core.internal.events.BuildManager.basicBuild(BuildManager.java:245)
	at org.eclipse.core.internal.events.BuildManager$1.run(BuildManager.java:300)
	at org.eclipse.core.runtime.SafeRunner.run(SafeRunner.java:42)
	at org.eclipse.core.internal.events.BuildManager.basicBuild(BuildManager.java:303)
	at org.eclipse.core.internal.events.BuildManager.basicBuildLoop(BuildManager.java:359)
	at org.eclipse.core.internal.events.BuildManager.build(BuildManager.java:382)
	at org.eclipse.core.internal.events.AutoBuildJob.doBuild(AutoBuildJob.java:144)
	at org.eclipse.core.internal.events.AutoBuildJob.run(AutoBuildJob.java:235)
	at org.eclipse.core.internal.jobs.Worker.run(Worker.java:55)
	pom.xml	/spring-cloud-0.0.1-SNAPSHOT	line 2	Maven Dependency Problem
Failure to transfer org.apache.shiro:shiro-crypto-core:jar:1.4.0 from http://localhost:8081/repository/maven-public/ was cached in the local repository, resolution will not be reattempted until the update interval of central has elapsed or updates are forced. Original error: Could not transfer artifact org.apache.shiro:shiro-crypto-core:jar:1.4.0 from/to central (http://localhost:8081/repository/maven-public/): The operation was cancelled.

org.eclipse.aether.transfer.ArtifactTransferException: Failure to transfer org.apache.shiro:shiro-crypto-core:jar:1.4.0 from http://localhost:8081/repository/maven-public/ was cached in the local repository, resolution will not be reattempted until the update interval of central has elapsed or updates are forced. Original error: Could not transfer artifact org.apache.shiro:shiro-crypto-core:jar:1.4.0 from/to central (http://localhost:8081/repository/maven-public/): The operation was cancelled.
	at org.eclipse.aether.internal.impl.DefaultUpdateCheckManager.newException(DefaultUpdateCheckManager.java:238)
	at org.eclipse.aether.internal.impl.DefaultUpdateCheckManager.checkArtifact(DefaultUpdateCheckManager.java:206)
	at org.eclipse.aether.internal.impl.DefaultArtifactResolver.gatherDownloads(DefaultArtifactResolver.java:585)
	at org.eclipse.aether.internal.impl.DefaultArtifactResolver.performDownloads(DefaultArtifactResolver.java:503)
	at org.eclipse.aether.internal.impl.DefaultArtifactResolver.resolve(DefaultArtifactResolver.java:421)
	at org.eclipse.aether.internal.impl.DefaultArtifactResolver.resolveArtifacts(DefaultArtifactResolver.java:246)
	at org.eclipse.aether.internal.impl.DefaultRepositorySystem.resolveDependencies(DefaultRepositorySystem.java:367)
	at org.apache.maven.project.DefaultProjectDependenciesResolver.resolve(DefaultProjectDependenciesResolver.java:205)
	at org.apache.maven.project.DefaultProjectBuilder.resolveDependencies(DefaultProjectBuilder.java:215)
	at org.apache.maven.project.DefaultProjectBuilder.build(DefaultProjectBuilder.java:188)
	at org.apache.maven.project.DefaultProjectBuilder.build(DefaultProjectBuilder.java:119)
	at org.eclipse.m2e.core.internal.embedder.MavenImpl.readMavenProject(MavenImpl.java:636)
	at org.eclipse.m2e.core.internal.project.registry.DefaultMavenDependencyResolver.resolveProjectDependencies(DefaultMavenDependencyResolver.java:63)
	at org.eclipse.m2e.core.internal.project.registry.ProjectRegistryManager.refreshPhase2(ProjectRegistryManager.java:529)
	at org.eclipse.m2e.core.internal.project.registry.ProjectRegistryManager$3.call(ProjectRegistryManager.java:491)
	at org.eclipse.m2e.core.internal.project.registry.ProjectRegistryManager$3.call(ProjectRegistryManager.java:1)
	at org.eclipse.m2e.core.internal.embedder.MavenExecutionContext.executeBare(MavenExecutionContext.java:176)
	at org.eclipse.m2e.core.internal.embedder.MavenExecutionContext.execute(MavenExecutionContext.java:151)
	at org.eclipse.m2e.core.internal.project.registry.ProjectRegistryManager.refresh(ProjectRegistryManager.java:495)
	at org.eclipse.m2e.core.internal.project.registry.ProjectRegistryManager.refresh(ProjectRegistryManager.java:350)
	at org.eclipse.m2e.core.internal.project.registry.ProjectRegistryManager.refresh(ProjectRegistryManager.java:297)
	at org.eclipse.m2e.core.internal.builder.MavenBuilder$BuildMethod.getProjectFacade(MavenBuilder.java:154)
	at org.eclipse.m2e.core.internal.builder.MavenBuilder$BuildMethod$1.call(MavenBuilder.java:89)
	at org.eclipse.m2e.core.internal.embedder.MavenExecutionContext.executeBare(MavenExecutionContext.java:176)
	at org.eclipse.m2e.core.internal.embedder.MavenExecutionContext.execute(MavenExecutionContext.java:151)
	at org.eclipse.m2e.core.internal.embedder.MavenExecutionContext.execute(MavenExecutionContext.java:99)
	at org.eclipse.m2e.core.internal.builder.MavenBuilder$BuildMethod.execute(MavenBuilder.java:86)
	at org.eclipse.m2e.core.internal.builder.MavenBuilder.build(MavenBuilder.java:200)
	at org.eclipse.core.internal.events.BuildManager$2.run(BuildManager.java:734)
	at org.eclipse.core.runtime.SafeRunner.run(SafeRunner.java:42)
	at org.eclipse.core.internal.events.BuildManager.basicBuild(BuildManager.java:205)
	at org.eclipse.core.internal.events.BuildManager.basicBuild(BuildManager.java:245)
	at org.eclipse.core.internal.events.BuildManager$1.run(BuildManager.java:300)
	at org.eclipse.core.runtime.SafeRunner.run(SafeRunner.java:42)
	at org.eclipse.core.internal.events.BuildManager.basicBuild(BuildManager.java:303)
	at org.eclipse.core.internal.events.BuildManager.basicBuildLoop(BuildManager.java:359)
	at org.eclipse.core.internal.events.BuildManager.build(BuildManager.java:382)
	at org.eclipse.core.internal.events.AutoBuildJob.doBuild(AutoBuildJob.java:144)
	at org.eclipse.core.internal.events.AutoBuildJob.run(AutoBuildJob.java:235)
	at org.eclipse.core.internal.jobs.Worker.run(Worker.java:55)
	pom.xml	/spring-cloud-0.0.1-SNAPSHOT	line 2	Maven Dependency Problem
Failure to transfer org.apache.shiro:shiro-crypto-hash:jar:1.4.0 from http://localhost:8081/repository/maven-public/ was cached in the local repository, resolution will not be reattempted until the update interval of central has elapsed or updates are forced. Original error: Could not transfer artifact org.apache.shiro:shiro-crypto-hash:jar:1.4.0 from/to central (http://localhost:8081/repository/maven-public/): The operation was cancelled.

org.eclipse.aether.transfer.ArtifactTransferException: Failure to transfer org.apache.shiro:shiro-crypto-hash:jar:1.4.0 from http://localhost:8081/repository/maven-public/ was cached in the local repository, resolution will not be reattempted until the update interval of central has elapsed or updates are forced. Original error: Could not transfer artifact org.apache.shiro:shiro-crypto-hash:jar:1.4.0 from/to central (http://localhost:8081/repository/maven-public/): The operation was cancelled.
	at org.eclipse.aether.internal.impl.DefaultUpdateCheckManager.newException(DefaultUpdateCheckManager.java:238)
	at org.eclipse.aether.internal.impl.DefaultUpdateCheckManager.checkArtifact(DefaultUpdateCheckManager.java:206)
	at org.eclipse.aether.internal.impl.DefaultArtifactResolver.gatherDownloads(DefaultArtifactResolver.java:585)
	at org.eclipse.aether.internal.impl.DefaultArtifactResolver.performDownloads(DefaultArtifactResolver.java:503)
	at org.eclipse.aether.internal.impl.DefaultArtifactResolver.resolve(DefaultArtifactResolver.java:421)
	at org.eclipse.aether.internal.impl.DefaultArtifactResolver.resolveArtifacts(DefaultArtifactResolver.java:246)
	at org.eclipse.aether.internal.impl.DefaultRepositorySystem.resolveDependencies(DefaultRepositorySystem.java:367)
	at org.apache.maven.project.DefaultProjectDependenciesResolver.resolve(DefaultProjectDependenciesResolver.java:205)
	at org.apache.maven.project.DefaultProjectBuilder.resolveDependencies(DefaultProjectBuilder.java:215)
	at org.apache.maven.project.DefaultProjectBuilder.build(DefaultProjectBuilder.java:188)
	at org.apache.maven.project.DefaultProjectBuilder.build(DefaultProjectBuilder.java:119)
	at org.eclipse.m2e.core.internal.embedder.MavenImpl.readMavenProject(MavenImpl.java:636)
	at org.eclipse.m2e.core.internal.project.registry.DefaultMavenDependencyResolver.resolveProjectDependencies(DefaultMavenDependencyResolver.java:63)
	at org.eclipse.m2e.core.internal.project.registry.ProjectRegistryManager.refreshPhase2(ProjectRegistryManager.java:529)
	at org.eclipse.m2e.core.internal.project.registry.ProjectRegistryManager$3.call(ProjectRegistryManager.java:491)
	at org.eclipse.m2e.core.internal.project.registry.ProjectRegistryManager$3.call(ProjectRegistryManager.java:1)
	at org.eclipse.m2e.core.internal.embedder.MavenExecutionContext.executeBare(MavenExecutionContext.java:176)
	at org.eclipse.m2e.core.internal.embedder.MavenExecutionContext.execute(MavenExecutionContext.java:151)
	at org.eclipse.m2e.core.internal.project.registry.ProjectRegistryManager.refresh(ProjectRegistryManager.java:495)
	at org.eclipse.m2e.core.internal.project.registry.ProjectRegistryManager.refresh(ProjectRegistryManager.java:350)
	at org.eclipse.m2e.core.internal.project.registry.ProjectRegistryManager.refresh(ProjectRegistryManager.java:297)
	at org.eclipse.m2e.core.internal.builder.MavenBuilder$BuildMethod.getProjectFacade(MavenBuilder.java:154)
	at org.eclipse.m2e.core.internal.builder.MavenBuilder$BuildMethod$1.call(MavenBuilder.java:89)
	at org.eclipse.m2e.core.internal.embedder.MavenExecutionContext.executeBare(MavenExecutionContext.java:176)
	at org.eclipse.m2e.core.internal.embedder.MavenExecutionContext.execute(MavenExecutionContext.java:151)
	at org.eclipse.m2e.core.internal.embedder.MavenExecutionContext.execute(MavenExecutionContext.java:99)
	at org.eclipse.m2e.core.internal.builder.MavenBuilder$BuildMethod.execute(MavenBuilder.java:86)
	at org.eclipse.m2e.core.internal.builder.MavenBuilder.build(MavenBuilder.java:200)
	at org.eclipse.core.internal.events.BuildManager$2.run(BuildManager.java:734)
	at org.eclipse.core.runtime.SafeRunner.run(SafeRunner.java:42)
	at org.eclipse.core.internal.events.BuildManager.basicBuild(BuildManager.java:205)
	at org.eclipse.core.internal.events.BuildManager.basicBuild(BuildManager.java:245)
	at org.eclipse.core.internal.events.BuildManager$1.run(BuildManager.java:300)
	at org.eclipse.core.runtime.SafeRunner.run(SafeRunner.java:42)
	at org.eclipse.core.internal.events.BuildManager.basicBuild(BuildManager.java:303)
	at org.eclipse.core.internal.events.BuildManager.basicBuildLoop(BuildManager.java:359)
	at org.eclipse.core.internal.events.BuildManager.build(BuildManager.java:382)
	at org.eclipse.core.internal.events.AutoBuildJob.doBuild(AutoBuildJob.java:144)
	at org.eclipse.core.internal.events.AutoBuildJob.run(AutoBuildJob.java:235)
	at org.eclipse.core.internal.jobs.Worker.run(Worker.java:55)
	pom.xml	/spring-cloud-0.0.1-SNAPSHOT	line 2	Maven Dependency Problem
Failure to transfer org.apache.shiro:shiro-event:jar:1.4.0 from http://localhost:8081/repository/maven-public/ was cached in the local repository, resolution will not be reattempted until the update interval of central has elapsed or updates are forced. Original error: Could not transfer artifact org.apache.shiro:shiro-event:jar:1.4.0 from/to central (http://localhost:8081/repository/maven-public/): The operation was cancelled.

org.eclipse.aether.transfer.ArtifactTransferException: Failure to transfer org.apache.shiro:shiro-event:jar:1.4.0 from http://localhost:8081/repository/maven-public/ was cached in the local repository, resolution will not be reattempted until the update interval of central has elapsed or updates are forced. Original error: Could not transfer artifact org.apache.shiro:shiro-event:jar:1.4.0 from/to central (http://localhost:8081/repository/maven-public/): The operation was cancelled.
	at org.eclipse.aether.internal.impl.DefaultUpdateCheckManager.newException(DefaultUpdateCheckManager.java:238)
	at org.eclipse.aether.internal.impl.DefaultUpdateCheckManager.checkArtifact(DefaultUpdateCheckManager.java:206)
	at org.eclipse.aether.internal.impl.DefaultArtifactResolver.gatherDownloads(DefaultArtifactResolver.java:585)
	at org.eclipse.aether.internal.impl.DefaultArtifactResolver.performDownloads(DefaultArtifactResolver.java:503)
	at org.eclipse.aether.internal.impl.DefaultArtifactResolver.resolve(DefaultArtifactResolver.java:421)
	at org.eclipse.aether.internal.impl.DefaultArtifactResolver.resolveArtifacts(DefaultArtifactResolver.java:246)
	at org.eclipse.aether.internal.impl.DefaultRepositorySystem.resolveDependencies(DefaultRepositorySystem.java:367)
	at org.apache.maven.project.DefaultProjectDependenciesResolver.resolve(DefaultProjectDependenciesResolver.java:205)
	at org.apache.maven.project.DefaultProjectBuilder.resolveDependencies(DefaultProjectBuilder.java:215)
	at org.apache.maven.project.DefaultProjectBuilder.build(DefaultProjectBuilder.java:188)
	at org.apache.maven.project.DefaultProjectBuilder.build(DefaultProjectBuilder.java:119)
	at org.eclipse.m2e.core.internal.embedder.MavenImpl.readMavenProject(MavenImpl.java:636)
	at org.eclipse.m2e.core.internal.project.registry.DefaultMavenDependencyResolver.resolveProjectDependencies(DefaultMavenDependencyResolver.java:63)
	at org.eclipse.m2e.core.internal.project.registry.ProjectRegistryManager.refreshPhase2(ProjectRegistryManager.java:529)
	at org.eclipse.m2e.core.internal.project.registry.ProjectRegistryManager$3.call(ProjectRegistryManager.java:491)
	at org.eclipse.m2e.core.internal.project.registry.ProjectRegistryManager$3.call(ProjectRegistryManager.java:1)
	at org.eclipse.m2e.core.internal.embedder.MavenExecutionContext.executeBare(MavenExecutionContext.java:176)
	at org.eclipse.m2e.core.internal.embedder.MavenExecutionContext.execute(MavenExecutionContext.java:151)
	at org.eclipse.m2e.core.internal.project.registry.ProjectRegistryManager.refresh(ProjectRegistryManager.java:495)
	at org.eclipse.m2e.core.internal.project.registry.ProjectRegistryManager.refresh(ProjectRegistryManager.java:350)
	at org.eclipse.m2e.core.internal.project.registry.ProjectRegistryManager.refresh(ProjectRegistryManager.java:297)
	at org.eclipse.m2e.core.internal.builder.MavenBuilder$BuildMethod.getProjectFacade(MavenBuilder.java:154)
	at org.eclipse.m2e.core.internal.builder.MavenBuilder$BuildMethod$1.call(MavenBuilder.java:89)
	at org.eclipse.m2e.core.internal.embedder.MavenExecutionContext.executeBare(MavenExecutionContext.java:176)
	at org.eclipse.m2e.core.internal.embedder.MavenExecutionContext.execute(MavenExecutionContext.java:151)
	at org.eclipse.m2e.core.internal.embedder.MavenExecutionContext.execute(MavenExecutionContext.java:99)
	at org.eclipse.m2e.core.internal.builder.MavenBuilder$BuildMethod.execute(MavenBuilder.java:86)
	at org.eclipse.m2e.core.internal.builder.MavenBuilder.build(MavenBuilder.java:200)
	at org.eclipse.core.internal.events.BuildManager$2.run(BuildManager.java:734)
	at org.eclipse.core.runtime.SafeRunner.run(SafeRunner.java:42)
	at org.eclipse.core.internal.events.BuildManager.basicBuild(BuildManager.java:205)
	at org.eclipse.core.internal.events.BuildManager.basicBuild(BuildManager.java:245)
	at org.eclipse.core.internal.events.BuildManager$1.run(BuildManager.java:300)
	at org.eclipse.core.runtime.SafeRunner.run(SafeRunner.java:42)
	at org.eclipse.core.internal.events.BuildManager.basicBuild(BuildManager.java:303)
	at org.eclipse.core.internal.events.BuildManager.basicBuildLoop(BuildManager.java:359)
	at org.eclipse.core.internal.events.BuildManager.build(BuildManager.java:382)
	at org.eclipse.core.internal.events.AutoBuildJob.doBuild(AutoBuildJob.java:144)
	at org.eclipse.core.internal.events.AutoBuildJob.run(AutoBuildJob.java:235)
	at org.eclipse.core.internal.jobs.Worker.run(Worker.java:55)
	pom.xml	/spring-cloud-0.0.1-SNAPSHOT	line 2	Maven Dependency Problem
Failure to transfer org.apache.shiro:shiro-lang:jar:1.4.0 from http://localhost:8081/repository/maven-public/ was cached in the local repository, resolution will not be reattempted until the update interval of central has elapsed or updates are forced. Original error: Could not transfer artifact org.apache.shiro:shiro-lang:jar:1.4.0 from/to central (http://localhost:8081/repository/maven-public/): The operation was cancelled.

org.eclipse.aether.transfer.ArtifactTransferException: Failure to transfer org.apache.shiro:shiro-lang:jar:1.4.0 from http://localhost:8081/repository/maven-public/ was cached in the local repository, resolution will not be reattempted until the update interval of central has elapsed or updates are forced. Original error: Could not transfer artifact org.apache.shiro:shiro-lang:jar:1.4.0 from/to central (http://localhost:8081/repository/maven-public/): The operation was cancelled.
	at org.eclipse.aether.internal.impl.DefaultUpdateCheckManager.newException(DefaultUpdateCheckManager.java:238)
	at org.eclipse.aether.internal.impl.DefaultUpdateCheckManager.checkArtifact(DefaultUpdateCheckManager.java:206)
	at org.eclipse.aether.internal.impl.DefaultArtifactResolver.gatherDownloads(DefaultArtifactResolver.java:585)
	at org.eclipse.aether.internal.impl.DefaultArtifactResolver.performDownloads(DefaultArtifactResolver.java:503)
	at org.eclipse.aether.internal.impl.DefaultArtifactResolver.resolve(DefaultArtifactResolver.java:421)
	at org.eclipse.aether.internal.impl.DefaultArtifactResolver.resolveArtifacts(DefaultArtifactResolver.java:246)
	at org.eclipse.aether.internal.impl.DefaultRepositorySystem.resolveDependencies(DefaultRepositorySystem.java:367)
	at org.apache.maven.project.DefaultProjectDependenciesResolver.resolve(DefaultProjectDependenciesResolver.java:205)
	at org.apache.maven.project.DefaultProjectBuilder.resolveDependencies(DefaultProjectBuilder.java:215)
	at org.apache.maven.project.DefaultProjectBuilder.build(DefaultProjectBuilder.java:188)
	at org.apache.maven.project.DefaultProjectBuilder.build(DefaultProjectBuilder.java:119)
	at org.eclipse.m2e.core.internal.embedder.MavenImpl.readMavenProject(MavenImpl.java:636)
	at org.eclipse.m2e.core.internal.project.registry.DefaultMavenDependencyResolver.resolveProjectDependencies(DefaultMavenDependencyResolver.java:63)
	at org.eclipse.m2e.core.internal.project.registry.ProjectRegistryManager.refreshPhase2(ProjectRegistryManager.java:529)
	at org.eclipse.m2e.core.internal.project.registry.ProjectRegistryManager$3.call(ProjectRegistryManager.java:491)
	at org.eclipse.m2e.core.internal.project.registry.ProjectRegistryManager$3.call(ProjectRegistryManager.java:1)
	at org.eclipse.m2e.core.internal.embedder.MavenExecutionContext.executeBare(MavenExecutionContext.java:176)
	at org.eclipse.m2e.core.internal.embedder.MavenExecutionContext.execute(MavenExecutionContext.java:151)
	at org.eclipse.m2e.core.internal.project.registry.ProjectRegistryManager.refresh(ProjectRegistryManager.java:495)
	at org.eclipse.m2e.core.internal.project.registry.ProjectRegistryManager.refresh(ProjectRegistryManager.java:350)
	at org.eclipse.m2e.core.internal.project.registry.ProjectRegistryManager.refresh(ProjectRegistryManager.java:297)
	at org.eclipse.m2e.core.internal.builder.MavenBuilder$BuildMethod.getProjectFacade(MavenBuilder.java:154)
	at org.eclipse.m2e.core.internal.builder.MavenBuilder$BuildMethod$1.call(MavenBuilder.java:89)
	at org.eclipse.m2e.core.internal.embedder.MavenExecutionContext.executeBare(MavenExecutionContext.java:176)
	at org.eclipse.m2e.core.internal.embedder.MavenExecutionContext.execute(MavenExecutionContext.java:151)
	at org.eclipse.m2e.core.internal.embedder.MavenExecutionContext.execute(MavenExecutionContext.java:99)
	at org.eclipse.m2e.core.internal.builder.MavenBuilder$BuildMethod.execute(MavenBuilder.java:86)
	at org.eclipse.m2e.core.internal.builder.MavenBuilder.build(MavenBuilder.java:200)
	at org.eclipse.core.internal.events.BuildManager$2.run(BuildManager.java:734)
	at org.eclipse.core.runtime.SafeRunner.run(SafeRunner.java:42)
	at org.eclipse.core.internal.events.BuildManager.basicBuild(BuildManager.java:205)
	at org.eclipse.core.internal.events.BuildManager.basicBuild(BuildManager.java:245)
	at org.eclipse.core.internal.events.BuildManager$1.run(BuildManager.java:300)
	at org.eclipse.core.runtime.SafeRunner.run(SafeRunner.java:42)
	at org.eclipse.core.internal.events.BuildManager.basicBuild(BuildManager.java:303)
	at org.eclipse.core.internal.events.BuildManager.basicBuildLoop(BuildManager.java:359)
	at org.eclipse.core.internal.events.BuildManager.build(BuildManager.java:382)
	at org.eclipse.core.internal.events.AutoBuildJob.doBuild(AutoBuildJob.java:144)
	at org.eclipse.core.internal.events.AutoBuildJob.run(AutoBuildJob.java:235)
	at org.eclipse.core.internal.jobs.Worker.run(Worker.java:55)
	pom.xml	/spring-cloud-0.0.1-SNAPSHOT	line 2	Maven Dependency Problem
Failure to transfer org.jgroups:jgroups:jar:3.6.14.Final from http://localhost:8081/repository/maven-public/ was cached in the local repository, resolution will not be reattempted until the update interval of central has elapsed or updates are forced. Original error: Could not transfer artifact org.jgroups:jgroups:jar:3.6.14.Final from/to central (http://localhost:8081/repository/maven-public/): The operation was cancelled.

org.eclipse.aether.transfer.ArtifactTransferException: Failure to transfer org.jgroups:jgroups:jar:3.6.14.Final from http://localhost:8081/repository/maven-public/ was cached in the local repository, resolution will not be reattempted until the update interval of central has elapsed or updates are forced. Original error: Could not transfer artifact org.jgroups:jgroups:jar:3.6.14.Final from/to central (http://localhost:8081/repository/maven-public/): The operation was cancelled.
	at org.eclipse.aether.internal.impl.DefaultUpdateCheckManager.newException(DefaultUpdateCheckManager.java:238)
	at org.eclipse.aether.internal.impl.DefaultUpdateCheckManager.checkArtifact(DefaultUpdateCheckManager.java:206)
	at org.eclipse.aether.internal.impl.DefaultArtifactResolver.gatherDownloads(DefaultArtifactResolver.java:585)
	at org.eclipse.aether.internal.impl.DefaultArtifactResolver.performDownloads(DefaultArtifactResolver.java:503)
	at org.eclipse.aether.internal.impl.DefaultArtifactResolver.resolve(DefaultArtifactResolver.java:421)
	at org.eclipse.aether.internal.impl.DefaultArtifactResolver.resolveArtifacts(DefaultArtifactResolver.java:246)
	at org.eclipse.aether.internal.impl.DefaultRepositorySystem.resolveDependencies(DefaultRepositorySystem.java:367)
	at org.apache.maven.project.DefaultProjectDependenciesResolver.resolve(DefaultProjectDependenciesResolver.java:205)
	at org.apache.maven.project.DefaultProjectBuilder.resolveDependencies(DefaultProjectBuilder.java:215)
	at org.apache.maven.project.DefaultProjectBuilder.build(DefaultProjectBuilder.java:188)
	at org.apache.maven.project.DefaultProjectBuilder.build(DefaultProjectBuilder.java:119)
	at org.eclipse.m2e.core.internal.embedder.MavenImpl.readMavenProject(MavenImpl.java:636)
	at org.eclipse.m2e.core.internal.project.registry.DefaultMavenDependencyResolver.resolveProjectDependencies(DefaultMavenDependencyResolver.java:63)
	at org.eclipse.m2e.core.internal.project.registry.ProjectRegistryManager.refreshPhase2(ProjectRegistryManager.java:529)
	at org.eclipse.m2e.core.internal.project.registry.ProjectRegistryManager$3.call(ProjectRegistryManager.java:491)
	at org.eclipse.m2e.core.internal.project.registry.ProjectRegistryManager$3.call(ProjectRegistryManager.java:1)
	at org.eclipse.m2e.core.internal.embedder.MavenExecutionContext.executeBare(MavenExecutionContext.java:176)
	at org.eclipse.m2e.core.internal.embedder.MavenExecutionContext.execute(MavenExecutionContext.java:151)
	at org.eclipse.m2e.core.internal.project.registry.ProjectRegistryManager.refresh(ProjectRegistryManager.java:495)
	at org.eclipse.m2e.core.internal.project.registry.ProjectRegistryManager.refresh(ProjectRegistryManager.java:350)
	at org.eclipse.m2e.core.internal.project.registry.ProjectRegistryManager.refresh(ProjectRegistryManager.java:297)
	at org.eclipse.m2e.core.internal.builder.MavenBuilder$BuildMethod.getProjectFacade(MavenBuilder.java:154)
	at org.eclipse.m2e.core.internal.builder.MavenBuilder$BuildMethod$1.call(MavenBuilder.java:89)
	at org.eclipse.m2e.core.internal.embedder.MavenExecutionContext.executeBare(MavenExecutionContext.java:176)
	at org.eclipse.m2e.core.internal.embedder.MavenExecutionContext.execute(MavenExecutionContext.java:151)
	at org.eclipse.m2e.core.internal.embedder.MavenExecutionContext.execute(MavenExecutionContext.java:99)
	at org.eclipse.m2e.core.internal.builder.MavenBuilder$BuildMethod.execute(MavenBuilder.java:86)
	at org.eclipse.m2e.core.internal.builder.MavenBuilder.build(MavenBuilder.java:200)
	at org.eclipse.core.internal.events.BuildManager$2.run(BuildManager.java:734)
	at org.eclipse.core.runtime.SafeRunner.run(SafeRunner.java:42)
	at org.eclipse.core.internal.events.BuildManager.basicBuild(BuildManager.java:205)
	at org.eclipse.core.internal.events.BuildManager.basicBuild(BuildManager.java:245)
	at org.eclipse.core.internal.events.BuildManager$1.run(BuildManager.java:300)
	at org.eclipse.core.runtime.SafeRunner.run(SafeRunner.java:42)
	at org.eclipse.core.internal.events.BuildManager.basicBuild(BuildManager.java:303)
	at org.eclipse.core.internal.events.BuildManager.basicBuildLoop(BuildManager.java:359)
	at org.eclipse.core.internal.events.BuildManager.build(BuildManager.java:382)
	at org.eclipse.core.internal.events.AutoBuildJob.doBuild(AutoBuildJob.java:144)
	at org.eclipse.core.internal.events.AutoBuildJob.run(AutoBuildJob.java:235)
	at org.eclipse.core.internal.jobs.Worker.run(Worker.java:55)
	pom.xml	/spring-cloud-0.0.1-SNAPSHOT	line 2	Maven Dependency Problem
Missing artifact io.github.lukehutch:fast-classpath-scanner:jar:2.18.1	pom.xml	/spring-cloud-0.0.1-SNAPSHOT	line 1	Maven Dependency Problem
Missing artifact it.unimi.dsi:fastutil:jar:8.1.1	pom.xml	/spring-cloud-0.0.1-SNAPSHOT	line 1	Maven Dependency Problem
Missing artifact javax.resource:javax.resource-api:jar:1.7	pom.xml	/spring-cloud-0.0.1-SNAPSHOT	line 1	Maven Dependency Problem
Missing artifact javax.transaction:javax.transaction-api:jar:1.2	pom.xml	/spring-cloud-0.0.1-SNAPSHOT	line 1	Maven Dependency Problem
Missing artifact net.java.dev.jna:jna:jar:4.5.1	pom.xml	/spring-cloud-0.0.1-SNAPSHOT	line 1	Maven Dependency Problem
Missing artifact net.sf.jopt-simple:jopt-simple:jar:5.0.4	pom.xml	/spring-cloud-0.0.1-SNAPSHOT	line 1	Maven Dependency Problem
Missing artifact org.apache.logging.log4j:log4j-core:jar:2.10.0	pom.xml	/spring-cloud-0.0.1-SNAPSHOT	line 1	Maven Dependency Problem
Missing artifact org.apache.shiro:shiro-cache:jar:1.4.0	pom.xml	/spring-cloud-0.0.1-SNAPSHOT	line 1	Maven Dependency Problem
Missing artifact org.apache.shiro:shiro-config-core:jar:1.4.0	pom.xml	/spring-cloud-0.0.1-SNAPSHOT	line 1	Maven Dependency Problem
Missing artifact org.apache.shiro:shiro-config-ogdl:jar:1.4.0	pom.xml	/spring-cloud-0.0.1-SNAPSHOT	line 1	Maven Dependency Problem
Missing artifact org.apache.shiro:shiro-core:jar:1.4.0	pom.xml	/spring-cloud-0.0.1-SNAPSHOT	line 1	Maven Dependency Problem
Missing artifact org.apache.shiro:shiro-crypto-cipher:jar:1.4.0	pom.xml	/spring-cloud-0.0.1-SNAPSHOT	line 1	Maven Dependency Problem
Missing artifact org.apache.shiro:shiro-crypto-core:jar:1.4.0	pom.xml	/spring-cloud-0.0.1-SNAPSHOT	line 1	Maven Dependency Problem
Missing artifact org.apache.shiro:shiro-crypto-hash:jar:1.4.0	pom.xml	/spring-cloud-0.0.1-SNAPSHOT	line 1	Maven Dependency Problem
Missing artifact org.apache.shiro:shiro-event:jar:1.4.0	pom.xml	/spring-cloud-0.0.1-SNAPSHOT	line 1	Maven Dependency Problem
Missing artifact org.apache.shiro:shiro-lang:jar:1.4.0	pom.xml	/spring-cloud-0.0.1-SNAPSHOT	line 1	Maven Dependency Problem
Missing artifact org.jgroups:jgroups:jar:3.6.14.Final	pom.xml	/spring-cloud-0.0.1-SNAPSHOT	line 1	Maven Dependency Problem